// Vitest Snapshot v1, https://vitest.dev/guide/snapshot.html

exports[`aircraft (readsb) > matches the golden snapshot 1`] = `
{
  "features": [
    {
      "geometry": {
        "coordinates": [
          11.7861,
          48.3538,
        ],
        "type": "Point",
      },
      "properties": {
        "altBaroFt": 4100,
        "altGeomM": 1318,
        "callsign": "DLH4KT",
        "category": "A3",
        "emergency": false,
        "groundSpeedKt": 182,
        "icao24": "3c6a4f",
        "nonIcao": false,
        "onGround": false,
        "squawk": "1000",
        "stale": false,
        "trackDeg": 262.4,
        "verticalRateFpm": 1408,
      },
      "type": "Feature",
    },
    {
      "geometry": {
        "coordinates": [
          11.4127,
          48.1905,
        ],
        "type": "Point",
      },
      "properties": {
        "altBaroFt": 35000,
        "altGeomM": 10813,
        "callsign": "EIN52P",
        "category": "A3",
        "emergency": false,
        "groundSpeedKt": 461,
        "icao24": "4ca7b3",
        "nonIcao": false,
        "onGround": false,
        "squawk": "2341",
        "stale": false,
        "trackDeg": 301,
        "verticalRateFpm": 0,
      },
      "type": "Feature",
    },
    {
      "geometry": {
        "coordinates": [
          11.7752,
          48.3532,
        ],
        "type": "Point",
      },
      "properties": {
        "altBaroFt": null,
        "altGeomM": null,
        "callsign": "DLH9AB",
        "category": "A3",
        "emergency": false,
        "groundSpeedKt": 12,
        "icao24": "3c4b26",
        "nonIcao": false,
        "onGround": true,
        "squawk": "1000",
        "stale": false,
        "trackDeg": 85,
        "verticalRateFpm": null,
      },
      "type": "Feature",
    },
    {
      "geometry": {
        "coordinates": [
          11.62,
          48.07,
        ],
        "type": "Point",
      },
      "properties": {
        "altBaroFt": 2800,
        "altGeomM": null,
        "callsign": "MEDIC1",
        "category": "A7",
        "emergency": true,
        "groundSpeedKt": 120,
        "icao24": "3e1234",
        "nonIcao": false,
        "onGround": false,
        "squawk": "7700",
        "stale": false,
        "trackDeg": 15,
        "verticalRateFpm": null,
      },
      "type": "Feature",
    },
    {
      "geometry": {
        "coordinates": [
          11.95,
          48.25,
        ],
        "type": "Point",
      },
      "properties": {
        "altBaroFt": 9000,
        "altGeomM": null,
        "callsign": null,
        "category": null,
        "emergency": false,
        "groundSpeedKt": 250,
        "icao24": "2a1f00",
        "nonIcao": true,
        "onGround": false,
        "squawk": null,
        "stale": true,
        "trackDeg": 190,
        "verticalRateFpm": null,
      },
      "type": "Feature",
    },
  ],
  "type": "FeatureCollection",
}
`;

exports[`hf (spots) > matches the golden snapshot 1`] = `
{
  "features": [
    {
      "geometry": {
        "coordinates": [
          [
            11.58,
            48.14,
          ],
          [
            10.338621,
            48.559662,
          ],
          [
            9.076813,
            48.965758,
          ],
          [
            7.794645,
            49.35787,
          ],
          [
            6.492251,
            49.735576,
          ],
          [
            5.16983,
            50.098455,
          ],
          [
            3.827653,
            50.446088,
          ],
          [
            2.466062,
            50.778059,
          ],
          [
            1.085478,
            51.093956,
          ],
          [
            -0.313598,
            51.393375,
          ],
          [
            -1.730583,
            51.67592,
          ],
          [
            -3.164811,
            51.941207,
          ],
          [
            -4.615532,
            52.188865,
          ],
          [
            -6.08191,
            52.418537,
          ],
          [
            -7.563026,
            52.629886,
          ],
          [
            -9.057881,
            52.822591,
          ],
          [
            -10.565395,
            52.996356,
          ],
          [
            -12.084413,
            53.150908,
          ],
          [
            -13.613711,
            53.286,
          ],
          [
            -15.151999,
            53.401411,
          ],
          [
            -16.697933,
            53.496953,
          ],
          [
            -18.250115,
            53.572465,
          ],
          [
            -19.807107,
            53.62782,
          ],
          [
            -21.367441,
            53.662926,
          ],
          [
            -22.929623,
            53.677721,
          ],
          [
            -24.492148,
            53.672182,
          ],
          [
            -26.053508,
            53.646316,
          ],
          [
            -27.612206,
            53.60017,
          ],
          [
            -29.166758,
            53.53382,
          ],
          [
            -30.715712,
            53.447378,
          ],
          [
            -32.257651,
            53.34099,
          ],
          [
            -33.791205,
            53.214832,
          ],
          [
            -35.315058,
            53.06911,
          ],
          [
            -36.827956,
            52.904058,
          ],
          [
            -38.328712,
            52.71994,
          ],
          [
            -39.816212,
            52.51704,
          ],
          [
            -41.289418,
            52.295668,
          ],
          [
            -42.747375,
            52.056154,
          ],
          [
            -44.189209,
            51.798847,
          ],
          [
            -45.614131,
            51.524111,
          ],
          [
            -47.021437,
            51.232325,
          ],
          [
            -48.410506,
            50.92388,
          ],
          [
            -49.780799,
            50.599176,
          ],
          [
            -51.131862,
            50.258621,
          ],
          [
            -52.463314,
            49.902631,
          ],
          [
            -53.774853,
            49.531622,
          ],
          [
            -55.066249,
            49.146016,
          ],
          [
            -56.337338,
            48.746233,
          ],
          [
            -57.588022,
            48.332695,
          ],
          [
            -58.818262,
            47.905819,
          ],
          [
            -60.028075,
            47.46602,
          ],
          [
            -61.217529,
            47.013709,
          ],
          [
            -62.386739,
            46.549291,
          ],
          [
            -63.535864,
            46.073164,
          ],
          [
            -64.6651,
            45.58572,
          ],
          [
            -65.774679,
            45.087343,
          ],
          [
            -66.864863,
            44.57841,
          ],
          [
            -67.935941,
            44.059287,
          ],
          [
            -68.988226,
            43.530334,
          ],
          [
            -70.022052,
            42.991899,
          ],
          [
            -71.037771,
            42.444322,
          ],
          [
            -72.035748,
            41.887935,
          ],
          [
            -73.016362,
            41.323057,
          ],
          [
            -73.98,
            40.75,
          ],
        ],
        "type": "LineString",
      },
      "properties": {
        "band": "20m",
        "distanceKm": 6484,
        "frequencyKHz": 14074,
        "kind": "path",
        "mode": "FT8",
        "rxCall": "W2XYZ",
        "snrDb": -12,
        "timestamp": "2026-10-06T19:30:15Z",
        "txCall": "DL1ABC",
      },
      "type": "Feature",
    },
    {
      "geometry": {
        "coordinates": [
          [
            [
              139.69,
              35.69,
            ],
            [
              140.882154,
              36.371606,
            ],
            [
              142.095194,
              37.04116,
            ],
            [
              143.329616,
              37.698147,
            ],
            [
              144.585889,
              38.342038,
            ],
            [
              145.864454,
              38.972287,
            ],
            [
              147.165716,
              39.588337,
            ],
            [
              148.490042,
              40.189616,
            ],
            [
              149.837752,
              40.775536,
            ],
            [
              151.209115,
              41.345502,
            ],
            [
              152.604342,
              41.898906,
            ],
            [
              154.023578,
              42.435129,
            ],
            [
              155.466898,
              42.953546,
            ],
            [
              156.9343,
              43.453525,
            ],
            [
              158.425695,
              43.934433,
            ],
            [
              159.940904,
              44.395632,
            ],
            [
              161.479649,
              44.836487,
            ],
            [
              163.041549,
              45.256366,
            ],
            [
              164.626113,
              45.654646,
            ],
            [
              166.232738,
              46.030712,
            ],
            [
              167.860701,
              46.383965,
            ],
            [
              169.509161,
              46.713823,
            ],
            [
              171.177152,
              47.019725,
            ],
            [
              172.863591,
              47.301137,
            ],
            [
              174.56727,
              47.557552,
            ],
            [
              176.286869,
              47.788499,
            ],
            [
              178.020951,
              47.993542,
            ],
            [
              179.767976,
              48.172287,
            ],
            [
              180,
              48.192357,
            ],
          ],
          [
            [
              -180,
              48.192357,
            ],
            [
              -178.473692,
              48.324385,
            ],
            [
              -176.705778,
              48.449533,
            ],
            [
              -174.93008,
              48.547479,
            ],
            [
              -173.148463,
              48.618023,
            ],
            [
              -171.362833,
              48.661021,
            ],
            [
              -169.575136,
              48.676384,
            ],
            [
              -167.78733,
              48.66408,
            ],
            [
              -166.001376,
              48.624135,
            ],
            [
              -164.21922,
              48.55663,
            ],
            [
              -162.442776,
              48.461706,
            ],
            [
              -160.673911,
              48.339554,
            ],
            [
              -158.914433,
              48.190422,
            ],
            [
              -157.166075,
              48.014607,
            ],
            [
              -155.430485,
              47.812453,
            ],
            [
              -153.709212,
              47.58435,
            ],
            [
              -152.003705,
              47.330728,
            ],
            [
              -150.315299,
              47.052056,
            ],
            [
              -148.645212,
              46.748837,
            ],
            [
              -146.994543,
              46.421601,
            ],
            [
              -145.36427,
              46.070906,
            ],
            [
              -143.755248,
              45.697334,
            ],
            [
              -142.168212,
              45.30148,
            ],
            [
              -140.60378,
              44.883959,
            ],
            [
              -139.062454,
              44.445392,
            ],
            [
              -137.544627,
              43.986412,
            ],
            [
              -136.050588,
              43.507652,
            ],
            [
              -134.580527,
              43.00975,
            ],
            [
              -133.134542,
              42.49334,
            ],
            [
              -131.712645,
              41.959056,
            ],
            [
              -130.31477,
              41.407522,
            ],
            [
              -128.940778,
              40.839357,
            ],
            [
              -127.590464,
              40.255171,
            ],
            [
              -126.263568,
              39.655562,
            ],
            [
              -124.959772,
              39.041117,
            ],
            [
              -123.678717,
              38.412409,
            ],
            [
              -122.42,
              37.77,
            ],
          ],
        ],
        "type": "MultiLineString",
      },
      "properties": {
        "band": "15m",
        "distanceKm": 8271,
        "frequencyKHz": 21025,
        "kind": "path",
        "mode": "CW",
        "rxCall": "K6BBB",
        "snrDb": 18,
        "timestamp": "2026-10-06T19:31:02Z",
        "txCall": "JA1AAA",
      },
      "type": "Feature",
    },
    {
      "geometry": {
        "coordinates": [
          [
            11.58,
            48.14,
          ],
          [
            11.770419,
            46.840194,
          ],
          [
            11.95184,
            45.540087,
          ],
          [
            12.125058,
            44.239706,
          ],
          [
            12.290783,
            42.939075,
          ],
          [
            12.44965,
            41.638214,
          ],
          [
            12.602229,
            40.337144,
          ],
          [
            12.749033,
            39.03588,
          ],
          [
            12.890528,
            37.734439,
          ],
          [
            13.027132,
            36.432835,
          ],
          [
            13.15923,
            35.13108,
          ],
          [
            13.28717,
            33.829187,
          ],
          [
            13.411271,
            32.527165,
          ],
          [
            13.531826,
            31.225025,
          ],
          [
            13.649103,
            29.922776,
          ],
          [
            13.763351,
            28.620425,
          ],
          [
            13.874799,
            27.317981,
          ],
          [
            13.983659,
            26.015451,
          ],
          [
            14.09013,
            24.712841,
          ],
          [
            14.194395,
            23.410157,
          ],
          [
            14.296628,
            22.107406,
          ],
          [
            14.396989,
            20.804592,
          ],
          [
            14.49563,
            19.50172,
          ],
          [
            14.592695,
            18.198797,
          ],
          [
            14.688319,
            16.895825,
          ],
          [
            14.78263,
            15.592809,
          ],
          [
            14.875753,
            14.289754,
          ],
          [
            14.967802,
            12.986662,
          ],
          [
            15.05889,
            11.683539,
          ],
          [
            15.149126,
            10.380388,
          ],
          [
            15.238612,
            9.077211,
          ],
          [
            15.32745,
            7.774013,
          ],
          [
            15.415739,
            6.470796,
          ],
          [
            15.503573,
            5.167564,
          ],
          [
            15.591046,
            3.864321,
          ],
          [
            15.678251,
            2.561068,
          ],
          [
            15.765278,
            1.257809,
          ],
          [
            15.852219,
            -0.045452,
          ],
          [
            15.939162,
            -1.348714,
          ],
          [
            16.026199,
            -2.651972,
          ],
          [
            16.11342,
            -3.955224,
          ],
          [
            16.200915,
            -5.258467,
          ],
          [
            16.288778,
            -6.561698,
          ],
          [
            16.377101,
            -7.864913,
          ],
          [
            16.465982,
            -9.16811,
          ],
          [
            16.555517,
            -10.471285,
          ],
          [
            16.645809,
            -11.774435,
          ],
          [
            16.736961,
            -13.077556,
          ],
          [
            16.829081,
            -14.380645,
          ],
          [
            16.922282,
            -15.683698,
          ],
          [
            17.016681,
            -16.98671,
          ],
          [
            17.112402,
            -18.289679,
          ],
          [
            17.209572,
            -19.592599,
          ],
          [
            17.308328,
            -20.895467,
          ],
          [
            17.408815,
            -22.198277,
          ],
          [
            17.511183,
            -23.501024,
          ],
          [
            17.615597,
            -24.803702,
          ],
          [
            17.722228,
            -26.106307,
          ],
          [
            17.831263,
            -27.408831,
          ],
          [
            17.942899,
            -28.711269,
          ],
          [
            18.057351,
            -30.013613,
          ],
          [
            18.174848,
            -31.315855,
          ],
          [
            18.295641,
            -32.617987,
          ],
          [
            18.42,
            -33.92,
          ],
        ],
        "type": "LineString",
      },
      "properties": {
        "band": "40m",
        "distanceKm": 9150,
        "frequencyKHz": 7074,
        "kind": "path",
        "mode": "FT8",
        "rxCall": "ZS1CCC",
        "snrDb": -5,
        "timestamp": "2026-10-06T19:32:44Z",
        "txCall": "DL1ABC",
      },
      "type": "Feature",
    },
    {
      "geometry": {
        "coordinates": [
          11.58,
          48.14,
        ],
        "type": "Point",
      },
      "properties": {
        "call": "DL1ABC",
        "kind": "tx",
      },
      "type": "Feature",
    },
    {
      "geometry": {
        "coordinates": [
          -73.98,
          40.75,
        ],
        "type": "Point",
      },
      "properties": {
        "call": "W2XYZ",
        "kind": "rx",
      },
      "type": "Feature",
    },
    {
      "geometry": {
        "coordinates": [
          139.69,
          35.69,
        ],
        "type": "Point",
      },
      "properties": {
        "call": "JA1AAA",
        "kind": "tx",
      },
      "type": "Feature",
    },
    {
      "geometry": {
        "coordinates": [
          -122.42,
          37.77,
        ],
        "type": "Point",
      },
      "properties": {
        "call": "K6BBB",
        "kind": "rx",
      },
      "type": "Feature",
    },
    {
      "geometry": {
        "coordinates": [
          11.58,
          48.14,
        ],
        "type": "Point",
      },
      "properties": {
        "call": "DL1ABC",
        "kind": "tx",
      },
      "type": "Feature",
    },
    {
      "geometry": {
        "coordinates": [
          18.42,
          -33.92,
        ],
        "type": "Point",
      },
      "properties": {
        "call": "ZS1CCC",
        "kind": "rx",
      },
      "type": "Feature",
    },
  ],
  "type": "FeatureCollection",
}
`;

exports[`radio (station, coverage, DF) > matches the golden snapshot 1`] = `
{
  "features": [
    {
      "geometry": {
        "coordinates": [
          11.582,
          48.1351,
        ],
        "type": "Point",
      },
      "properties": {
        "band": "VHF",
        "frequencyMHz": 145.5,
        "role": "receiver",
        "stationId": "rx-wst-01",
        "status": "online",
      },
      "type": "Feature",
    },
    {
      "geometry": {
        "coordinates": [
          [
            [
              11.582,
              48.38691,
            ],
            [
              11.544835,
              48.385691,
            ],
            [
              11.508034,
              48.382048,
            ],
            [
              11.471955,
              48.376015,
            ],
            [
              11.436951,
              48.367651,
            ],
            [
              11.403363,
              48.357038,
            ],
            [
              11.371518,
              48.344281,
            ],
            [
              11.341724,
              48.329502,
            ],
            [
              11.314271,
              48.312846,
            ],
            [
              11.289424,
              48.294476,
            ],
            [
              11.26742,
              48.27457,
            ],
            [
              11.24847,
              48.253321,
            ],
            [
              11.232755,
              48.230935,
            ],
            [
              11.220422,
              48.20763,
            ],
            [
              11.211585,
              48.183631,
            ],
            [
              11.206326,
              48.15917,
            ],
            [
              11.20469,
              48.134483,
            ],
            [
              11.206687,
              48.109807,
            ],
            [
              11.212294,
              48.085381,
            ],
            [
              11.22145,
              48.061439,
            ],
            [
              11.234063,
              48.038211,
            ],
            [
              11.250009,
              48.015919,
            ],
            [
              11.269129,
              47.994777,
            ],
            [
              11.291238,
              47.974986,
            ],
            [
              11.316122,
              47.956736,
            ],
            [
              11.343539,
              47.940201,
            ],
            [
              11.373227,
              47.925538,
            ],
            [
              11.404901,
              47.912887,
            ],
            [
              11.438259,
              47.902368,
            ],
            [
              11.472983,
              47.894081,
            ],
            [
              11.508742,
              47.888105,
            ],
            [
              11.545196,
              47.884497,
            ],
            [
              11.582,
              47.88329,
            ],
            [
              11.618804,
              47.884497,
            ],
            [
              11.655258,
              47.888105,
            ],
            [
              11.691017,
              47.894081,
            ],
            [
              11.725741,
              47.902368,
            ],
            [
              11.759099,
              47.912887,
            ],
            [
              11.790773,
              47.925538,
            ],
            [
              11.820461,
              47.940201,
            ],
            [
              11.847878,
              47.956736,
            ],
            [
              11.872762,
              47.974986,
            ],
            [
              11.894871,
              47.994777,
            ],
            [
              11.913991,
              48.015919,
            ],
            [
              11.929937,
              48.038211,
            ],
            [
              11.94255,
              48.061439,
            ],
            [
              11.951706,
              48.085381,
            ],
            [
              11.957313,
              48.109807,
            ],
            [
              11.95931,
              48.134483,
            ],
            [
              11.957674,
              48.15917,
            ],
            [
              11.952415,
              48.183631,
            ],
            [
              11.943578,
              48.20763,
            ],
            [
              11.931245,
              48.230935,
            ],
            [
              11.91553,
              48.253321,
            ],
            [
              11.89658,
              48.27457,
            ],
            [
              11.874576,
              48.294476,
            ],
            [
              11.849729,
              48.312846,
            ],
            [
              11.822276,
              48.329502,
            ],
            [
              11.792482,
              48.344281,
            ],
            [
              11.760637,
              48.357038,
            ],
            [
              11.727049,
              48.367651,
            ],
            [
              11.692045,
              48.376015,
            ],
            [
              11.655966,
              48.382048,
            ],
            [
              11.619165,
              48.385691,
            ],
            [
              11.582,
              48.38691,
            ],
          ],
        ],
        "type": "Polygon",
      },
      "properties": {
        "kind": "coverage",
        "rangeKm": 28,
        "stationId": "rx-wst-01",
      },
      "type": "Feature",
    },
    {
      "geometry": {
        "coordinates": [
          [
            11.582,
            48.1351,
          ],
          [
            12.022613,
            48.343156,
          ],
        ],
        "type": "LineString",
      },
      "properties": {
        "bearingDeg": 54.5,
        "frequencyMHz": 145.5,
        "kind": "bearing",
        "rangeKm": 40,
        "stationId": "rx-wst-01",
        "timestamp": "2026-10-06T19:35:02Z",
      },
      "type": "Feature",
    },
    {
      "geometry": {
        "coordinates": [
          [
            11.582,
            48.1351,
          ],
          [
            12.055038,
            48.308532,
          ],
        ],
        "type": "LineString",
      },
      "properties": {
        "bearingDeg": 61,
        "frequencyMHz": 145.5,
        "kind": "bearing",
        "rangeKm": 40,
        "stationId": "rx-wst-01",
        "timestamp": "2026-10-06T19:35:32Z",
      },
      "type": "Feature",
    },
  ],
  "type": "FeatureCollection",
}
`;

exports[`track > matches the golden snapshot 1`] = `
{
  "features": [
    {
      "geometry": {
        "coordinates": [
          [
            11.7861,
            48.3538,
          ],
          [
            11.7402,
            48.3471,
          ],
          [
            11.683,
            48.3389,
          ],
          [
            11.6105,
            48.329,
          ],
        ],
        "type": "LineString",
      },
      "properties": {
        "endTime": "2026-10-06T19:35:12Z",
        "icao24": "3c6a4f",
        "pointCount": 4,
        "startTime": "2026-10-06T19:33:40Z",
      },
      "type": "Feature",
    },
  ],
  "type": "FeatureCollection",
}
`;

exports[`vessels (AIS) > matches the golden snapshot 1`] = `
{
  "features": [
    {
      "geometry": {
        "coordinates": [
          9.9705,
          53.544,
        ],
        "type": "Point",
      },
      "id": 211234560,
      "properties": {
        "cogDeg": 285,
        "headingDeg": 284,
        "mmsi": 211234560,
        "name": "ELBE TRADER",
        "navStatus": 0,
        "sogKt": 11.2,
        "timestamp": "2026-10-06T19:34:58Z",
      },
      "type": "Feature",
    },
    {
      "geometry": {
        "coordinates": [
          4.052,
          51.981,
        ],
        "type": "Point",
      },
      "id": 244820000,
      "properties": {
        "cogDeg": null,
        "headingDeg": null,
        "mmsi": 244820000,
        "name": "NOORD STAR",
        "navStatus": 1,
        "sogKt": 0.1,
        "timestamp": "2026-10-06T19:33:20Z",
      },
      "type": "Feature",
    },
    {
      "geometry": {
        "coordinates": [
          4.025,
          51.982,
        ],
        "type": "Point",
      },
      "id": 244830000,
      "properties": {
        "cogDeg": null,
        "headingDeg": 120,
        "mmsi": 244830000,
        "name": "WAAL BREEZE",
        "navStatus": 1,
        "sogKt": 0,
        "timestamp": "2026-10-06T19:33:40Z",
      },
      "type": "Feature",
    },
  ],
  "type": "FeatureCollection",
}
`;
